---
source: src/tests/window_opening.rs
description: "config:\nwindow-rule {\n    open-maximized true\n    default-column-width {  }\n}"
expression: snapshot
---
initial configure:
size: 1248 × 688, bounds: 1248 × 688, states: []

post-map configures:
size: 1248 × 688, bounds: 1248 × 688, states: [Activated]
