---
source: src/tests/window_opening.rs
description: "config:\nwindow-rule {\n    open-fullscreen false\n    border { on; }\n}"
expression: snapshot
---
initial configure:
size: 608 × 680, bounds: 1240 × 680, states: []

post-map configures:
size: 608 × 680, bounds: 1240 × 680, states: [Activated]
